// Jest Snapshot v1, https://goo.gl/fbAQLP

exports[`renders the joke app 1`] = `
<div
  className="App"
>
  <h2
    dangerouslySetInnerHTML={
      Object {
        "__html": "Why do Java developers wear glasses?<br><br>Because they don't C#",
      }
    }
  />
  <div
    className="controls"
  >
    <div
      className="moar controls__button"
      onClick={[Function]}
    >
      MOAR!
    </div>
  </div>
</div>
`;
