// Jest Snapshot v1, https://goo.gl/fbAQLP

exports[`renders the joke app 1`] = `
<div
  className="App"
>
  <h2>
    Programmers count from 0...
  </h2>
</div>
`;
